// Jest Snapshot v1, https://goo.gl/fbAQLP

exports[`CarouselItem component renders correctly 1`] = `
ShallowWrapper {
  Symbol(enzyme.__root__): [Circular],
  Symbol(enzyme.__unrendered__): <CarouselItem
    SIZE_1024="SIZE_1024.jpg"
    SIZE_1440="SIZE_1440.jpg"
    SIZE_640="SIZE_640.jpg"
    SIZE_ORIGINAL="SIZE_ORIGINAL.jpg"
    className="className"
    desc="desc"
    itemClassName="fake-classname"
    title="title"
  />,
  Symbol(enzyme.__renderer__): Object {
    "batchedUpdates": [Function],
    "getNode": [Function],
    "render": [Function],
    "simulateError": [Function],
    "simulateEvent": [Function],
    "unmount": [Function],
  },
  Symbol(enzyme.__node__): Object {
    "instance": null,
    "key": undefined,
    "nodeType": "host",
    "props": Object {
      "children": Array [
        <span>
          <img
            alt="blurred background"
            className="carousel-item-bg"
            src="SIZE_640.jpg"
          />
        </span>,
        <div
          className="carousel-item-picture"
        >
          <picture
            className="carousel-item-img"
          >
            <source
              media="(max-width: 640px)"
              srcSet="SIZE_640.jpg"
            />
            <source
              media="(max-width: 1024px)"
              srcSet="SIZE_1024.jpg"
            />
            <source
              media="(max-width: 1440px)"
              srcSet="SIZE_1440.jpg"
            />
            <img
              alt="title"
              src="SIZE_ORIGINAL.jpg"
            />
          </picture>
        </div>,
        <div
          className="carousel-item-desc"
        >
          <h4>
            title
          </h4>
          <p>
            desc
          </p>
        </div>,
      ],
      "className": "className",
    },
    "ref": null,
    "rendered": Array [
      Object {
        "instance": null,
        "key": undefined,
        "nodeType": "host",
        "props": Object {
          "children": <img
            alt="blurred background"
            className="carousel-item-bg"
            src="SIZE_640.jpg"
          />,
        },
        "ref": null,
        "rendered": Object {
          "instance": null,
          "key": undefined,
          "nodeType": "host",
          "props": Object {
            "alt": "blurred background",
            "className": "carousel-item-bg",
            "src": "SIZE_640.jpg",
          },
          "ref": null,
          "rendered": null,
          "type": "img",
        },
        "type": "span",
      },
      Object {
        "instance": null,
        "key": undefined,
        "nodeType": "host",
        "props": Object {
          "children": <picture
            className="carousel-item-img"
          >
            <source
              media="(max-width: 640px)"
              srcSet="SIZE_640.jpg"
            />
            <source
              media="(max-width: 1024px)"
              srcSet="SIZE_1024.jpg"
            />
            <source
              media="(max-width: 1440px)"
              srcSet="SIZE_1440.jpg"
            />
            <img
              alt="title"
              src="SIZE_ORIGINAL.jpg"
            />
          </picture>,
          "className": "carousel-item-picture",
        },
        "ref": null,
        "rendered": Object {
          "instance": null,
          "key": undefined,
          "nodeType": "host",
          "props": Object {
            "children": Array [
              <source
                media="(max-width: 640px)"
                srcSet="SIZE_640.jpg"
              />,
              <source
                media="(max-width: 1024px)"
                srcSet="SIZE_1024.jpg"
              />,
              <source
                media="(max-width: 1440px)"
                srcSet="SIZE_1440.jpg"
              />,
              <img
                alt="title"
                src="SIZE_ORIGINAL.jpg"
              />,
            ],
            "className": "carousel-item-img",
          },
          "ref": null,
          "rendered": Array [
            Object {
              "instance": null,
              "key": undefined,
              "nodeType": "host",
              "props": Object {
                "media": "(max-width: 640px)",
                "srcSet": "SIZE_640.jpg",
              },
              "ref": null,
              "rendered": null,
              "type": "source",
            },
            Object {
              "instance": null,
              "key": undefined,
              "nodeType": "host",
              "props": Object {
                "media": "(max-width: 1024px)",
                "srcSet": "SIZE_1024.jpg",
              },
              "ref": null,
              "rendered": null,
              "type": "source",
            },
            Object {
              "instance": null,
              "key": undefined,
              "nodeType": "host",
              "props": Object {
                "media": "(max-width: 1440px)",
                "srcSet": "SIZE_1440.jpg",
              },
              "ref": null,
              "rendered": null,
              "type": "source",
            },
            Object {
              "instance": null,
              "key": undefined,
              "nodeType": "host",
              "props": Object {
                "alt": "title",
                "src": "SIZE_ORIGINAL.jpg",
              },
              "ref": null,
              "rendered": null,
              "type": "img",
            },
          ],
          "type": "picture",
        },
        "type": "div",
      },
      Object {
        "instance": null,
        "key": undefined,
        "nodeType": "host",
        "props": Object {
          "children": Array [
            <h4>
              title
            </h4>,
            <p>
              desc
            </p>,
          ],
          "className": "carousel-item-desc",
        },
        "ref": null,
        "rendered": Array [
          Object {
            "instance": null,
            "key": undefined,
            "nodeType": "host",
            "props": Object {
              "children": "title",
            },
            "ref": null,
            "rendered": "title",
            "type": "h4",
          },
          Object {
            "instance": null,
            "key": undefined,
            "nodeType": "host",
            "props": Object {
              "children": "desc",
            },
            "ref": null,
            "rendered": "desc",
            "type": "p",
          },
        ],
        "type": "div",
      },
    ],
    "type": "div",
  },
  Symbol(enzyme.__nodes__): Array [
    Object {
      "instance": null,
      "key": undefined,
      "nodeType": "host",
      "props": Object {
        "children": Array [
          <span>
            <img
              alt="blurred background"
              className="carousel-item-bg"
              src="SIZE_640.jpg"
            />
          </span>,
          <div
            className="carousel-item-picture"
          >
            <picture
              className="carousel-item-img"
            >
              <source
                media="(max-width: 640px)"
                srcSet="SIZE_640.jpg"
              />
              <source
                media="(max-width: 1024px)"
                srcSet="SIZE_1024.jpg"
              />
              <source
                media="(max-width: 1440px)"
                srcSet="SIZE_1440.jpg"
              />
              <img
                alt="title"
                src="SIZE_ORIGINAL.jpg"
              />
            </picture>
          </div>,
          <div
            className="carousel-item-desc"
          >
            <h4>
              title
            </h4>
            <p>
              desc
            </p>
          </div>,
        ],
        "className": "className",
      },
      "ref": null,
      "rendered": Array [
        Object {
          "instance": null,
          "key": undefined,
          "nodeType": "host",
          "props": Object {
            "children": <img
              alt="blurred background"
              className="carousel-item-bg"
              src="SIZE_640.jpg"
            />,
          },
          "ref": null,
          "rendered": Object {
            "instance": null,
            "key": undefined,
            "nodeType": "host",
            "props": Object {
              "alt": "blurred background",
              "className": "carousel-item-bg",
              "src": "SIZE_640.jpg",
            },
            "ref": null,
            "rendered": null,
            "type": "img",
          },
          "type": "span",
        },
        Object {
          "instance": null,
          "key": undefined,
          "nodeType": "host",
          "props": Object {
            "children": <picture
              className="carousel-item-img"
            >
              <source
                media="(max-width: 640px)"
                srcSet="SIZE_640.jpg"
              />
              <source
                media="(max-width: 1024px)"
                srcSet="SIZE_1024.jpg"
              />
              <source
                media="(max-width: 1440px)"
                srcSet="SIZE_1440.jpg"
              />
              <img
                alt="title"
                src="SIZE_ORIGINAL.jpg"
              />
            </picture>,
            "className": "carousel-item-picture",
          },
          "ref": null,
          "rendered": Object {
            "instance": null,
            "key": undefined,
            "nodeType": "host",
            "props": Object {
              "children": Array [
                <source
                  media="(max-width: 640px)"
                  srcSet="SIZE_640.jpg"
                />,
                <source
                  media="(max-width: 1024px)"
                  srcSet="SIZE_1024.jpg"
                />,
                <source
                  media="(max-width: 1440px)"
                  srcSet="SIZE_1440.jpg"
                />,
                <img
                  alt="title"
                  src="SIZE_ORIGINAL.jpg"
                />,
              ],
              "className": "carousel-item-img",
            },
            "ref": null,
            "rendered": Array [
              Object {
                "instance": null,
                "key": undefined,
                "nodeType": "host",
                "props": Object {
                  "media": "(max-width: 640px)",
                  "srcSet": "SIZE_640.jpg",
                },
                "ref": null,
                "rendered": null,
                "type": "source",
              },
              Object {
                "instance": null,
                "key": undefined,
                "nodeType": "host",
                "props": Object {
                  "media": "(max-width: 1024px)",
                  "srcSet": "SIZE_1024.jpg",
                },
                "ref": null,
                "rendered": null,
                "type": "source",
              },
              Object {
                "instance": null,
                "key": undefined,
                "nodeType": "host",
                "props": Object {
                  "media": "(max-width: 1440px)",
                  "srcSet": "SIZE_1440.jpg",
                },
                "ref": null,
                "rendered": null,
                "type": "source",
              },
              Object {
                "instance": null,
                "key": undefined,
                "nodeType": "host",
                "props": Object {
                  "alt": "title",
                  "src": "SIZE_ORIGINAL.jpg",
                },
                "ref": null,
                "rendered": null,
                "type": "img",
              },
            ],
            "type": "picture",
          },
          "type": "div",
        },
        Object {
          "instance": null,
          "key": undefined,
          "nodeType": "host",
          "props": Object {
            "children": Array [
              <h4>
                title
              </h4>,
              <p>
                desc
              </p>,
            ],
            "className": "carousel-item-desc",
          },
          "ref": null,
          "rendered": Array [
            Object {
              "instance": null,
              "key": undefined,
              "nodeType": "host",
              "props": Object {
                "children": "title",
              },
              "ref": null,
              "rendered": "title",
              "type": "h4",
            },
            Object {
              "instance": null,
              "key": undefined,
              "nodeType": "host",
              "props": Object {
                "children": "desc",
              },
              "ref": null,
              "rendered": "desc",
              "type": "p",
            },
          ],
          "type": "div",
        },
      ],
      "type": "div",
    },
  ],
  Symbol(enzyme.__options__): Object {
    "adapter": ReactSixteenAdapter {
      "options": Object {
        "enableComponentDidUpdateOnSetState": true,
        "lifecycles": Object {
          "componentDidUpdate": Object {
            "onSetState": true,
          },
          "getDerivedStateFromProps": true,
          "getSnapshotBeforeUpdate": true,
          "setState": Object {
            "skipsComponentDidUpdateOnNullish": true,
          },
        },
      },
    },
  },
}
`;
