// Jest Snapshot v1, https://goo.gl/fbAQLP

exports[`Introduction component renders correctly 1`] = `
ShallowWrapper {
  Symbol(enzyme.__root__): [Circular],
  Symbol(enzyme.__unrendered__): <_default />,
  Symbol(enzyme.__renderer__): Object {
    "batchedUpdates": [Function],
    "getNode": [Function],
    "render": [Function],
    "simulateError": [Function],
    "simulateEvent": [Function],
    "unmount": [Function],
  },
  Symbol(enzyme.__node__): Object {
    "instance": null,
    "key": undefined,
    "nodeType": "host",
    "props": Object {
      "children": Array [
        <Fade>
          <h2
            className="welcome-title"
          >
            Üdvözöljük
          </h2>
        </Fade>,
        <ul
          className="profiles"
        >
          <Zoom
            duration={600}
          >
            <li>
              <a
                href="mailto:hegedus@bibicvendeghazak.hu"
              >
                <img
                  alt="Hegedüs Péter"
                  className="profile-img"
                  src="hegedus.jpg"
                />
              </a>
              <div>
                <h3>
                  Hegedüs Péter
                </h3>
                <h5>
                  <a
                    href="mailto:hegedus@bibicvendeghazak.hu"
                  >
                    ✉ 
                    hegedus@bibicvendeghazak.hu
                     
                  </a>
                </h5>
                <h4>
                  Bíbic Vendégházak házigazdája
                </h4>
              </div>
            </li>
          </Zoom>
          <Zoom
            duration={600}
          >
            <li>
              <a
                href="mailto:hegedusne@bibicvendeghazak.hu"
              >
                <img
                  alt="Hegedüsné Kóró Ágnes"
                  className="profile-img"
                  src="hegedusne.jpg"
                />
              </a>
              <div>
                <h3>
                  Hegedüsné Kóró Ágnes
                </h3>
                <h5>
                  <a
                    href="mailto:hegedusne@bibicvendeghazak.hu"
                  >
                    ✉ 
                    hegedusne@bibicvendeghazak.hu
                     
                  </a>
                </h5>
                <h4>
                  Tulajdonos
                </h4>
              </div>
            </li>
          </Zoom>
          <Zoom
            duration={600}
          >
            <li>
              <a
                href="mailto:gombkoto@bibicvendeghazak.hu"
              >
                <img
                  alt="Gombkötő Gábor"
                  className="profile-img"
                  src="gombkoto.jpg"
                />
              </a>
              <div>
                <h3>
                  Gombkötő Gábor
                </h3>
                <h5>
                  <a
                    href="mailto:gombkoto@bibicvendeghazak.hu"
                  >
                    ✉ 
                    gombkoto@bibicvendeghazak.hu
                     
                  </a>
                </h5>
                <h4>
                  Tulajdonos
                </h4>
              </div>
            </li>
          </Zoom>
        </ul>,
        <div
          className="history"
        >
          <UNDEFINED
            fallback={<Loading />}
          >
            <UNDEFINED
              path="bemutatkozas"
            />
          </UNDEFINED>
        </div>,
      ],
      "id": "bemutatkozas",
    },
    "ref": null,
    "rendered": Array [
      Object {
        "instance": null,
        "key": undefined,
        "nodeType": "function",
        "props": Object {
          "children": <h2
            className="welcome-title"
          >
            Üdvözöljük
          </h2>,
        },
        "ref": null,
        "rendered": Object {
          "instance": null,
          "key": undefined,
          "nodeType": "host",
          "props": Object {
            "children": "Üdvözöljük",
            "className": "welcome-title",
          },
          "ref": null,
          "rendered": "Üdvözöljük",
          "type": "h2",
        },
        "type": [Function],
      },
      Object {
        "instance": null,
        "key": undefined,
        "nodeType": "host",
        "props": Object {
          "children": Array [
            <Zoom
              duration={600}
            >
              <li>
                <a
                  href="mailto:hegedus@bibicvendeghazak.hu"
                >
                  <img
                    alt="Hegedüs Péter"
                    className="profile-img"
                    src="hegedus.jpg"
                  />
                </a>
                <div>
                  <h3>
                    Hegedüs Péter
                  </h3>
                  <h5>
                    <a
                      href="mailto:hegedus@bibicvendeghazak.hu"
                    >
                      ✉ 
                      hegedus@bibicvendeghazak.hu
                       
                    </a>
                  </h5>
                  <h4>
                    Bíbic Vendégházak házigazdája
                  </h4>
                </div>
              </li>
            </Zoom>,
            <Zoom
              duration={600}
            >
              <li>
                <a
                  href="mailto:hegedusne@bibicvendeghazak.hu"
                >
                  <img
                    alt="Hegedüsné Kóró Ágnes"
                    className="profile-img"
                    src="hegedusne.jpg"
                  />
                </a>
                <div>
                  <h3>
                    Hegedüsné Kóró Ágnes
                  </h3>
                  <h5>
                    <a
                      href="mailto:hegedusne@bibicvendeghazak.hu"
                    >
                      ✉ 
                      hegedusne@bibicvendeghazak.hu
                       
                    </a>
                  </h5>
                  <h4>
                    Tulajdonos
                  </h4>
                </div>
              </li>
            </Zoom>,
            <Zoom
              duration={600}
            >
              <li>
                <a
                  href="mailto:gombkoto@bibicvendeghazak.hu"
                >
                  <img
                    alt="Gombkötő Gábor"
                    className="profile-img"
                    src="gombkoto.jpg"
                  />
                </a>
                <div>
                  <h3>
                    Gombkötő Gábor
                  </h3>
                  <h5>
                    <a
                      href="mailto:gombkoto@bibicvendeghazak.hu"
                    >
                      ✉ 
                      gombkoto@bibicvendeghazak.hu
                       
                    </a>
                  </h5>
                  <h4>
                    Tulajdonos
                  </h4>
                </div>
              </li>
            </Zoom>,
          ],
          "className": "profiles",
        },
        "ref": null,
        "rendered": Array [
          Object {
            "instance": null,
            "key": "Hegedüs Péter",
            "nodeType": "function",
            "props": Object {
              "children": <li>
                <a
                  href="mailto:hegedus@bibicvendeghazak.hu"
                >
                  <img
                    alt="Hegedüs Péter"
                    className="profile-img"
                    src="hegedus.jpg"
                  />
                </a>
                <div>
                  <h3>
                    Hegedüs Péter
                  </h3>
                  <h5>
                    <a
                      href="mailto:hegedus@bibicvendeghazak.hu"
                    >
                      ✉ 
                      hegedus@bibicvendeghazak.hu
                       
                    </a>
                  </h5>
                  <h4>
                    Bíbic Vendégházak házigazdája
                  </h4>
                </div>
              </li>,
              "duration": 600,
            },
            "ref": null,
            "rendered": Object {
              "instance": null,
              "key": undefined,
              "nodeType": "host",
              "props": Object {
                "children": Array [
                  <a
                    href="mailto:hegedus@bibicvendeghazak.hu"
                  >
                    <img
                      alt="Hegedüs Péter"
                      className="profile-img"
                      src="hegedus.jpg"
                    />
                  </a>,
                  <div>
                    <h3>
                      Hegedüs Péter
                    </h3>
                    <h5>
                      <a
                        href="mailto:hegedus@bibicvendeghazak.hu"
                      >
                        ✉ 
                        hegedus@bibicvendeghazak.hu
                         
                      </a>
                    </h5>
                    <h4>
                      Bíbic Vendégházak házigazdája
                    </h4>
                  </div>,
                ],
              },
              "ref": null,
              "rendered": Array [
                Object {
                  "instance": null,
                  "key": undefined,
                  "nodeType": "host",
                  "props": Object {
                    "children": <img
                      alt="Hegedüs Péter"
                      className="profile-img"
                      src="hegedus.jpg"
                    />,
                    "href": "mailto:hegedus@bibicvendeghazak.hu",
                  },
                  "ref": null,
                  "rendered": Object {
                    "instance": null,
                    "key": undefined,
                    "nodeType": "host",
                    "props": Object {
                      "alt": "Hegedüs Péter",
                      "className": "profile-img",
                      "src": "hegedus.jpg",
                    },
                    "ref": null,
                    "rendered": null,
                    "type": "img",
                  },
                  "type": "a",
                },
                Object {
                  "instance": null,
                  "key": undefined,
                  "nodeType": "host",
                  "props": Object {
                    "children": Array [
                      <h3>
                        Hegedüs Péter
                      </h3>,
                      <h5>
                        <a
                          href="mailto:hegedus@bibicvendeghazak.hu"
                        >
                          ✉ 
                          hegedus@bibicvendeghazak.hu
                           
                        </a>
                      </h5>,
                      <h4>
                        Bíbic Vendégházak házigazdája
                      </h4>,
                    ],
                  },
                  "ref": null,
                  "rendered": Array [
                    Object {
                      "instance": null,
                      "key": undefined,
                      "nodeType": "host",
                      "props": Object {
                        "children": "Hegedüs Péter",
                      },
                      "ref": null,
                      "rendered": "Hegedüs Péter",
                      "type": "h3",
                    },
                    Object {
                      "instance": null,
                      "key": undefined,
                      "nodeType": "host",
                      "props": Object {
                        "children": <a
                          href="mailto:hegedus@bibicvendeghazak.hu"
                        >
                          ✉ 
                          hegedus@bibicvendeghazak.hu
                           
                        </a>,
                      },
                      "ref": null,
                      "rendered": Object {
                        "instance": null,
                        "key": undefined,
                        "nodeType": "host",
                        "props": Object {
                          "children": Array [
                            "✉ ",
                            "hegedus@bibicvendeghazak.hu",
                            " ",
                          ],
                          "href": "mailto:hegedus@bibicvendeghazak.hu",
                        },
                        "ref": null,
                        "rendered": Array [
                          "✉ ",
                          "hegedus@bibicvendeghazak.hu",
                          " ",
                        ],
                        "type": "a",
                      },
                      "type": "h5",
                    },
                    Object {
                      "instance": null,
                      "key": undefined,
                      "nodeType": "host",
                      "props": Object {
                        "children": "Bíbic Vendégházak házigazdája",
                      },
                      "ref": null,
                      "rendered": "Bíbic Vendégházak házigazdája",
                      "type": "h4",
                    },
                  ],
                  "type": "div",
                },
              ],
              "type": "li",
            },
            "type": [Function],
          },
          Object {
            "instance": null,
            "key": "Hegedüsné Kóró Ágnes",
            "nodeType": "function",
            "props": Object {
              "children": <li>
                <a
                  href="mailto:hegedusne@bibicvendeghazak.hu"
                >
                  <img
                    alt="Hegedüsné Kóró Ágnes"
                    className="profile-img"
                    src="hegedusne.jpg"
                  />
                </a>
                <div>
                  <h3>
                    Hegedüsné Kóró Ágnes
                  </h3>
                  <h5>
                    <a
                      href="mailto:hegedusne@bibicvendeghazak.hu"
                    >
                      ✉ 
                      hegedusne@bibicvendeghazak.hu
                       
                    </a>
                  </h5>
                  <h4>
                    Tulajdonos
                  </h4>
                </div>
              </li>,
              "duration": 600,
            },
            "ref": null,
            "rendered": Object {
              "instance": null,
              "key": undefined,
              "nodeType": "host",
              "props": Object {
                "children": Array [
                  <a
                    href="mailto:hegedusne@bibicvendeghazak.hu"
                  >
                    <img
                      alt="Hegedüsné Kóró Ágnes"
                      className="profile-img"
                      src="hegedusne.jpg"
                    />
                  </a>,
                  <div>
                    <h3>
                      Hegedüsné Kóró Ágnes
                    </h3>
                    <h5>
                      <a
                        href="mailto:hegedusne@bibicvendeghazak.hu"
                      >
                        ✉ 
                        hegedusne@bibicvendeghazak.hu
                         
                      </a>
                    </h5>
                    <h4>
                      Tulajdonos
                    </h4>
                  </div>,
                ],
              },
              "ref": null,
              "rendered": Array [
                Object {
                  "instance": null,
                  "key": undefined,
                  "nodeType": "host",
                  "props": Object {
                    "children": <img
                      alt="Hegedüsné Kóró Ágnes"
                      className="profile-img"
                      src="hegedusne.jpg"
                    />,
                    "href": "mailto:hegedusne@bibicvendeghazak.hu",
                  },
                  "ref": null,
                  "rendered": Object {
                    "instance": null,
                    "key": undefined,
                    "nodeType": "host",
                    "props": Object {
                      "alt": "Hegedüsné Kóró Ágnes",
                      "className": "profile-img",
                      "src": "hegedusne.jpg",
                    },
                    "ref": null,
                    "rendered": null,
                    "type": "img",
                  },
                  "type": "a",
                },
                Object {
                  "instance": null,
                  "key": undefined,
                  "nodeType": "host",
                  "props": Object {
                    "children": Array [
                      <h3>
                        Hegedüsné Kóró Ágnes
                      </h3>,
                      <h5>
                        <a
                          href="mailto:hegedusne@bibicvendeghazak.hu"
                        >
                          ✉ 
                          hegedusne@bibicvendeghazak.hu
                           
                        </a>
                      </h5>,
                      <h4>
                        Tulajdonos
                      </h4>,
                    ],
                  },
                  "ref": null,
                  "rendered": Array [
                    Object {
                      "instance": null,
                      "key": undefined,
                      "nodeType": "host",
                      "props": Object {
                        "children": "Hegedüsné Kóró Ágnes",
                      },
                      "ref": null,
                      "rendered": "Hegedüsné Kóró Ágnes",
                      "type": "h3",
                    },
                    Object {
                      "instance": null,
                      "key": undefined,
                      "nodeType": "host",
                      "props": Object {
                        "children": <a
                          href="mailto:hegedusne@bibicvendeghazak.hu"
                        >
                          ✉ 
                          hegedusne@bibicvendeghazak.hu
                           
                        </a>,
                      },
                      "ref": null,
                      "rendered": Object {
                        "instance": null,
                        "key": undefined,
                        "nodeType": "host",
                        "props": Object {
                          "children": Array [
                            "✉ ",
                            "hegedusne@bibicvendeghazak.hu",
                            " ",
                          ],
                          "href": "mailto:hegedusne@bibicvendeghazak.hu",
                        },
                        "ref": null,
                        "rendered": Array [
                          "✉ ",
                          "hegedusne@bibicvendeghazak.hu",
                          " ",
                        ],
                        "type": "a",
                      },
                      "type": "h5",
                    },
                    Object {
                      "instance": null,
                      "key": undefined,
                      "nodeType": "host",
                      "props": Object {
                        "children": "Tulajdonos",
                      },
                      "ref": null,
                      "rendered": "Tulajdonos",
                      "type": "h4",
                    },
                  ],
                  "type": "div",
                },
              ],
              "type": "li",
            },
            "type": [Function],
          },
          Object {
            "instance": null,
            "key": "Gombkötő Gábor",
            "nodeType": "function",
            "props": Object {
              "children": <li>
                <a
                  href="mailto:gombkoto@bibicvendeghazak.hu"
                >
                  <img
                    alt="Gombkötő Gábor"
                    className="profile-img"
                    src="gombkoto.jpg"
                  />
                </a>
                <div>
                  <h3>
                    Gombkötő Gábor
                  </h3>
                  <h5>
                    <a
                      href="mailto:gombkoto@bibicvendeghazak.hu"
                    >
                      ✉ 
                      gombkoto@bibicvendeghazak.hu
                       
                    </a>
                  </h5>
                  <h4>
                    Tulajdonos
                  </h4>
                </div>
              </li>,
              "duration": 600,
            },
            "ref": null,
            "rendered": Object {
              "instance": null,
              "key": undefined,
              "nodeType": "host",
              "props": Object {
                "children": Array [
                  <a
                    href="mailto:gombkoto@bibicvendeghazak.hu"
                  >
                    <img
                      alt="Gombkötő Gábor"
                      className="profile-img"
                      src="gombkoto.jpg"
                    />
                  </a>,
                  <div>
                    <h3>
                      Gombkötő Gábor
                    </h3>
                    <h5>
                      <a
                        href="mailto:gombkoto@bibicvendeghazak.hu"
                      >
                        ✉ 
                        gombkoto@bibicvendeghazak.hu
                         
                      </a>
                    </h5>
                    <h4>
                      Tulajdonos
                    </h4>
                  </div>,
                ],
              },
              "ref": null,
              "rendered": Array [
                Object {
                  "instance": null,
                  "key": undefined,
                  "nodeType": "host",
                  "props": Object {
                    "children": <img
                      alt="Gombkötő Gábor"
                      className="profile-img"
                      src="gombkoto.jpg"
                    />,
                    "href": "mailto:gombkoto@bibicvendeghazak.hu",
                  },
                  "ref": null,
                  "rendered": Object {
                    "instance": null,
                    "key": undefined,
                    "nodeType": "host",
                    "props": Object {
                      "alt": "Gombkötő Gábor",
                      "className": "profile-img",
                      "src": "gombkoto.jpg",
                    },
                    "ref": null,
                    "rendered": null,
                    "type": "img",
                  },
                  "type": "a",
                },
                Object {
                  "instance": null,
                  "key": undefined,
                  "nodeType": "host",
                  "props": Object {
                    "children": Array [
                      <h3>
                        Gombkötő Gábor
                      </h3>,
                      <h5>
                        <a
                          href="mailto:gombkoto@bibicvendeghazak.hu"
                        >
                          ✉ 
                          gombkoto@bibicvendeghazak.hu
                           
                        </a>
                      </h5>,
                      <h4>
                        Tulajdonos
                      </h4>,
                    ],
                  },
                  "ref": null,
                  "rendered": Array [
                    Object {
                      "instance": null,
                      "key": undefined,
                      "nodeType": "host",
                      "props": Object {
                        "children": "Gombkötő Gábor",
                      },
                      "ref": null,
                      "rendered": "Gombkötő Gábor",
                      "type": "h3",
                    },
                    Object {
                      "instance": null,
                      "key": undefined,
                      "nodeType": "host",
                      "props": Object {
                        "children": <a
                          href="mailto:gombkoto@bibicvendeghazak.hu"
                        >
                          ✉ 
                          gombkoto@bibicvendeghazak.hu
                           
                        </a>,
                      },
                      "ref": null,
                      "rendered": Object {
                        "instance": null,
                        "key": undefined,
                        "nodeType": "host",
                        "props": Object {
                          "children": Array [
                            "✉ ",
                            "gombkoto@bibicvendeghazak.hu",
                            " ",
                          ],
                          "href": "mailto:gombkoto@bibicvendeghazak.hu",
                        },
                        "ref": null,
                        "rendered": Array [
                          "✉ ",
                          "gombkoto@bibicvendeghazak.hu",
                          " ",
                        ],
                        "type": "a",
                      },
                      "type": "h5",
                    },
                    Object {
                      "instance": null,
                      "key": undefined,
                      "nodeType": "host",
                      "props": Object {
                        "children": "Tulajdonos",
                      },
                      "ref": null,
                      "rendered": "Tulajdonos",
                      "type": "h4",
                    },
                  ],
                  "type": "div",
                },
              ],
              "type": "li",
            },
            "type": [Function],
          },
        ],
        "type": "ul",
      },
      Object {
        "instance": null,
        "key": undefined,
        "nodeType": "host",
        "props": Object {
          "children": <UNDEFINED
            fallback={<Loading />}
          >
            <UNDEFINED
              path="bemutatkozas"
            />
          </UNDEFINED>,
          "className": "history",
        },
        "ref": null,
        "rendered": Object {
          "instance": null,
          "key": undefined,
          "nodeType": "function",
          "props": Object {
            "children": <UNDEFINED
              path="bemutatkozas"
            />,
            "fallback": <Loading />,
          },
          "ref": null,
          "rendered": Object {
            "instance": null,
            "key": undefined,
            "nodeType": "function",
            "props": Object {
              "path": "bemutatkozas",
            },
            "ref": null,
            "rendered": null,
            "type": Object {
              "$$typeof": Symbol(react.lazy),
              "_ctor": [Function],
              "_result": null,
              "_status": -1,
            },
          },
          "type": Symbol(react.suspense),
        },
        "type": "div",
      },
    ],
    "type": "section",
  },
  Symbol(enzyme.__nodes__): Array [
    Object {
      "instance": null,
      "key": undefined,
      "nodeType": "host",
      "props": Object {
        "children": Array [
          <Fade>
            <h2
              className="welcome-title"
            >
              Üdvözöljük
            </h2>
          </Fade>,
          <ul
            className="profiles"
          >
            <Zoom
              duration={600}
            >
              <li>
                <a
                  href="mailto:hegedus@bibicvendeghazak.hu"
                >
                  <img
                    alt="Hegedüs Péter"
                    className="profile-img"
                    src="hegedus.jpg"
                  />
                </a>
                <div>
                  <h3>
                    Hegedüs Péter
                  </h3>
                  <h5>
                    <a
                      href="mailto:hegedus@bibicvendeghazak.hu"
                    >
                      ✉ 
                      hegedus@bibicvendeghazak.hu
                       
                    </a>
                  </h5>
                  <h4>
                    Bíbic Vendégházak házigazdája
                  </h4>
                </div>
              </li>
            </Zoom>
            <Zoom
              duration={600}
            >
              <li>
                <a
                  href="mailto:hegedusne@bibicvendeghazak.hu"
                >
                  <img
                    alt="Hegedüsné Kóró Ágnes"
                    className="profile-img"
                    src="hegedusne.jpg"
                  />
                </a>
                <div>
                  <h3>
                    Hegedüsné Kóró Ágnes
                  </h3>
                  <h5>
                    <a
                      href="mailto:hegedusne@bibicvendeghazak.hu"
                    >
                      ✉ 
                      hegedusne@bibicvendeghazak.hu
                       
                    </a>
                  </h5>
                  <h4>
                    Tulajdonos
                  </h4>
                </div>
              </li>
            </Zoom>
            <Zoom
              duration={600}
            >
              <li>
                <a
                  href="mailto:gombkoto@bibicvendeghazak.hu"
                >
                  <img
                    alt="Gombkötő Gábor"
                    className="profile-img"
                    src="gombkoto.jpg"
                  />
                </a>
                <div>
                  <h3>
                    Gombkötő Gábor
                  </h3>
                  <h5>
                    <a
                      href="mailto:gombkoto@bibicvendeghazak.hu"
                    >
                      ✉ 
                      gombkoto@bibicvendeghazak.hu
                       
                    </a>
                  </h5>
                  <h4>
                    Tulajdonos
                  </h4>
                </div>
              </li>
            </Zoom>
          </ul>,
          <div
            className="history"
          >
            <UNDEFINED
              fallback={<Loading />}
            >
              <UNDEFINED
                path="bemutatkozas"
              />
            </UNDEFINED>
          </div>,
        ],
        "id": "bemutatkozas",
      },
      "ref": null,
      "rendered": Array [
        Object {
          "instance": null,
          "key": undefined,
          "nodeType": "function",
          "props": Object {
            "children": <h2
              className="welcome-title"
            >
              Üdvözöljük
            </h2>,
          },
          "ref": null,
          "rendered": Object {
            "instance": null,
            "key": undefined,
            "nodeType": "host",
            "props": Object {
              "children": "Üdvözöljük",
              "className": "welcome-title",
            },
            "ref": null,
            "rendered": "Üdvözöljük",
            "type": "h2",
          },
          "type": [Function],
        },
        Object {
          "instance": null,
          "key": undefined,
          "nodeType": "host",
          "props": Object {
            "children": Array [
              <Zoom
                duration={600}
              >
                <li>
                  <a
                    href="mailto:hegedus@bibicvendeghazak.hu"
                  >
                    <img
                      alt="Hegedüs Péter"
                      className="profile-img"
                      src="hegedus.jpg"
                    />
                  </a>
                  <div>
                    <h3>
                      Hegedüs Péter
                    </h3>
                    <h5>
                      <a
                        href="mailto:hegedus@bibicvendeghazak.hu"
                      >
                        ✉ 
                        hegedus@bibicvendeghazak.hu
                         
                      </a>
                    </h5>
                    <h4>
                      Bíbic Vendégházak házigazdája
                    </h4>
                  </div>
                </li>
              </Zoom>,
              <Zoom
                duration={600}
              >
                <li>
                  <a
                    href="mailto:hegedusne@bibicvendeghazak.hu"
                  >
                    <img
                      alt="Hegedüsné Kóró Ágnes"
                      className="profile-img"
                      src="hegedusne.jpg"
                    />
                  </a>
                  <div>
                    <h3>
                      Hegedüsné Kóró Ágnes
                    </h3>
                    <h5>
                      <a
                        href="mailto:hegedusne@bibicvendeghazak.hu"
                      >
                        ✉ 
                        hegedusne@bibicvendeghazak.hu
                         
                      </a>
                    </h5>
                    <h4>
                      Tulajdonos
                    </h4>
                  </div>
                </li>
              </Zoom>,
              <Zoom
                duration={600}
              >
                <li>
                  <a
                    href="mailto:gombkoto@bibicvendeghazak.hu"
                  >
                    <img
                      alt="Gombkötő Gábor"
                      className="profile-img"
                      src="gombkoto.jpg"
                    />
                  </a>
                  <div>
                    <h3>
                      Gombkötő Gábor
                    </h3>
                    <h5>
                      <a
                        href="mailto:gombkoto@bibicvendeghazak.hu"
                      >
                        ✉ 
                        gombkoto@bibicvendeghazak.hu
                         
                      </a>
                    </h5>
                    <h4>
                      Tulajdonos
                    </h4>
                  </div>
                </li>
              </Zoom>,
            ],
            "className": "profiles",
          },
          "ref": null,
          "rendered": Array [
            Object {
              "instance": null,
              "key": "Hegedüs Péter",
              "nodeType": "function",
              "props": Object {
                "children": <li>
                  <a
                    href="mailto:hegedus@bibicvendeghazak.hu"
                  >
                    <img
                      alt="Hegedüs Péter"
                      className="profile-img"
                      src="hegedus.jpg"
                    />
                  </a>
                  <div>
                    <h3>
                      Hegedüs Péter
                    </h3>
                    <h5>
                      <a
                        href="mailto:hegedus@bibicvendeghazak.hu"
                      >
                        ✉ 
                        hegedus@bibicvendeghazak.hu
                         
                      </a>
                    </h5>
                    <h4>
                      Bíbic Vendégházak házigazdája
                    </h4>
                  </div>
                </li>,
                "duration": 600,
              },
              "ref": null,
              "rendered": Object {
                "instance": null,
                "key": undefined,
                "nodeType": "host",
                "props": Object {
                  "children": Array [
                    <a
                      href="mailto:hegedus@bibicvendeghazak.hu"
                    >
                      <img
                        alt="Hegedüs Péter"
                        className="profile-img"
                        src="hegedus.jpg"
                      />
                    </a>,
                    <div>
                      <h3>
                        Hegedüs Péter
                      </h3>
                      <h5>
                        <a
                          href="mailto:hegedus@bibicvendeghazak.hu"
                        >
                          ✉ 
                          hegedus@bibicvendeghazak.hu
                           
                        </a>
                      </h5>
                      <h4>
                        Bíbic Vendégházak házigazdája
                      </h4>
                    </div>,
                  ],
                },
                "ref": null,
                "rendered": Array [
                  Object {
                    "instance": null,
                    "key": undefined,
                    "nodeType": "host",
                    "props": Object {
                      "children": <img
                        alt="Hegedüs Péter"
                        className="profile-img"
                        src="hegedus.jpg"
                      />,
                      "href": "mailto:hegedus@bibicvendeghazak.hu",
                    },
                    "ref": null,
                    "rendered": Object {
                      "instance": null,
                      "key": undefined,
                      "nodeType": "host",
                      "props": Object {
                        "alt": "Hegedüs Péter",
                        "className": "profile-img",
                        "src": "hegedus.jpg",
                      },
                      "ref": null,
                      "rendered": null,
                      "type": "img",
                    },
                    "type": "a",
                  },
                  Object {
                    "instance": null,
                    "key": undefined,
                    "nodeType": "host",
                    "props": Object {
                      "children": Array [
                        <h3>
                          Hegedüs Péter
                        </h3>,
                        <h5>
                          <a
                            href="mailto:hegedus@bibicvendeghazak.hu"
                          >
                            ✉ 
                            hegedus@bibicvendeghazak.hu
                             
                          </a>
                        </h5>,
                        <h4>
                          Bíbic Vendégházak házigazdája
                        </h4>,
                      ],
                    },
                    "ref": null,
                    "rendered": Array [
                      Object {
                        "instance": null,
                        "key": undefined,
                        "nodeType": "host",
                        "props": Object {
                          "children": "Hegedüs Péter",
                        },
                        "ref": null,
                        "rendered": "Hegedüs Péter",
                        "type": "h3",
                      },
                      Object {
                        "instance": null,
                        "key": undefined,
                        "nodeType": "host",
                        "props": Object {
                          "children": <a
                            href="mailto:hegedus@bibicvendeghazak.hu"
                          >
                            ✉ 
                            hegedus@bibicvendeghazak.hu
                             
                          </a>,
                        },
                        "ref": null,
                        "rendered": Object {
                          "instance": null,
                          "key": undefined,
                          "nodeType": "host",
                          "props": Object {
                            "children": Array [
                              "✉ ",
                              "hegedus@bibicvendeghazak.hu",
                              " ",
                            ],
                            "href": "mailto:hegedus@bibicvendeghazak.hu",
                          },
                          "ref": null,
                          "rendered": Array [
                            "✉ ",
                            "hegedus@bibicvendeghazak.hu",
                            " ",
                          ],
                          "type": "a",
                        },
                        "type": "h5",
                      },
                      Object {
                        "instance": null,
                        "key": undefined,
                        "nodeType": "host",
                        "props": Object {
                          "children": "Bíbic Vendégházak házigazdája",
                        },
                        "ref": null,
                        "rendered": "Bíbic Vendégházak házigazdája",
                        "type": "h4",
                      },
                    ],
                    "type": "div",
                  },
                ],
                "type": "li",
              },
              "type": [Function],
            },
            Object {
              "instance": null,
              "key": "Hegedüsné Kóró Ágnes",
              "nodeType": "function",
              "props": Object {
                "children": <li>
                  <a
                    href="mailto:hegedusne@bibicvendeghazak.hu"
                  >
                    <img
                      alt="Hegedüsné Kóró Ágnes"
                      className="profile-img"
                      src="hegedusne.jpg"
                    />
                  </a>
                  <div>
                    <h3>
                      Hegedüsné Kóró Ágnes
                    </h3>
                    <h5>
                      <a
                        href="mailto:hegedusne@bibicvendeghazak.hu"
                      >
                        ✉ 
                        hegedusne@bibicvendeghazak.hu
                         
                      </a>
                    </h5>
                    <h4>
                      Tulajdonos
                    </h4>
                  </div>
                </li>,
                "duration": 600,
              },
              "ref": null,
              "rendered": Object {
                "instance": null,
                "key": undefined,
                "nodeType": "host",
                "props": Object {
                  "children": Array [
                    <a
                      href="mailto:hegedusne@bibicvendeghazak.hu"
                    >
                      <img
                        alt="Hegedüsné Kóró Ágnes"
                        className="profile-img"
                        src="hegedusne.jpg"
                      />
                    </a>,
                    <div>
                      <h3>
                        Hegedüsné Kóró Ágnes
                      </h3>
                      <h5>
                        <a
                          href="mailto:hegedusne@bibicvendeghazak.hu"
                        >
                          ✉ 
                          hegedusne@bibicvendeghazak.hu
                           
                        </a>
                      </h5>
                      <h4>
                        Tulajdonos
                      </h4>
                    </div>,
                  ],
                },
                "ref": null,
                "rendered": Array [
                  Object {
                    "instance": null,
                    "key": undefined,
                    "nodeType": "host",
                    "props": Object {
                      "children": <img
                        alt="Hegedüsné Kóró Ágnes"
                        className="profile-img"
                        src="hegedusne.jpg"
                      />,
                      "href": "mailto:hegedusne@bibicvendeghazak.hu",
                    },
                    "ref": null,
                    "rendered": Object {
                      "instance": null,
                      "key": undefined,
                      "nodeType": "host",
                      "props": Object {
                        "alt": "Hegedüsné Kóró Ágnes",
                        "className": "profile-img",
                        "src": "hegedusne.jpg",
                      },
                      "ref": null,
                      "rendered": null,
                      "type": "img",
                    },
                    "type": "a",
                  },
                  Object {
                    "instance": null,
                    "key": undefined,
                    "nodeType": "host",
                    "props": Object {
                      "children": Array [
                        <h3>
                          Hegedüsné Kóró Ágnes
                        </h3>,
                        <h5>
                          <a
                            href="mailto:hegedusne@bibicvendeghazak.hu"
                          >
                            ✉ 
                            hegedusne@bibicvendeghazak.hu
                             
                          </a>
                        </h5>,
                        <h4>
                          Tulajdonos
                        </h4>,
                      ],
                    },
                    "ref": null,
                    "rendered": Array [
                      Object {
                        "instance": null,
                        "key": undefined,
                        "nodeType": "host",
                        "props": Object {
                          "children": "Hegedüsné Kóró Ágnes",
                        },
                        "ref": null,
                        "rendered": "Hegedüsné Kóró Ágnes",
                        "type": "h3",
                      },
                      Object {
                        "instance": null,
                        "key": undefined,
                        "nodeType": "host",
                        "props": Object {
                          "children": <a
                            href="mailto:hegedusne@bibicvendeghazak.hu"
                          >
                            ✉ 
                            hegedusne@bibicvendeghazak.hu
                             
                          </a>,
                        },
                        "ref": null,
                        "rendered": Object {
                          "instance": null,
                          "key": undefined,
                          "nodeType": "host",
                          "props": Object {
                            "children": Array [
                              "✉ ",
                              "hegedusne@bibicvendeghazak.hu",
                              " ",
                            ],
                            "href": "mailto:hegedusne@bibicvendeghazak.hu",
                          },
                          "ref": null,
                          "rendered": Array [
                            "✉ ",
                            "hegedusne@bibicvendeghazak.hu",
                            " ",
                          ],
                          "type": "a",
                        },
                        "type": "h5",
                      },
                      Object {
                        "instance": null,
                        "key": undefined,
                        "nodeType": "host",
                        "props": Object {
                          "children": "Tulajdonos",
                        },
                        "ref": null,
                        "rendered": "Tulajdonos",
                        "type": "h4",
                      },
                    ],
                    "type": "div",
                  },
                ],
                "type": "li",
              },
              "type": [Function],
            },
            Object {
              "instance": null,
              "key": "Gombkötő Gábor",
              "nodeType": "function",
              "props": Object {
                "children": <li>
                  <a
                    href="mailto:gombkoto@bibicvendeghazak.hu"
                  >
                    <img
                      alt="Gombkötő Gábor"
                      className="profile-img"
                      src="gombkoto.jpg"
                    />
                  </a>
                  <div>
                    <h3>
                      Gombkötő Gábor
                    </h3>
                    <h5>
                      <a
                        href="mailto:gombkoto@bibicvendeghazak.hu"
                      >
                        ✉ 
                        gombkoto@bibicvendeghazak.hu
                         
                      </a>
                    </h5>
                    <h4>
                      Tulajdonos
                    </h4>
                  </div>
                </li>,
                "duration": 600,
              },
              "ref": null,
              "rendered": Object {
                "instance": null,
                "key": undefined,
                "nodeType": "host",
                "props": Object {
                  "children": Array [
                    <a
                      href="mailto:gombkoto@bibicvendeghazak.hu"
                    >
                      <img
                        alt="Gombkötő Gábor"
                        className="profile-img"
                        src="gombkoto.jpg"
                      />
                    </a>,
                    <div>
                      <h3>
                        Gombkötő Gábor
                      </h3>
                      <h5>
                        <a
                          href="mailto:gombkoto@bibicvendeghazak.hu"
                        >
                          ✉ 
                          gombkoto@bibicvendeghazak.hu
                           
                        </a>
                      </h5>
                      <h4>
                        Tulajdonos
                      </h4>
                    </div>,
                  ],
                },
                "ref": null,
                "rendered": Array [
                  Object {
                    "instance": null,
                    "key": undefined,
                    "nodeType": "host",
                    "props": Object {
                      "children": <img
                        alt="Gombkötő Gábor"
                        className="profile-img"
                        src="gombkoto.jpg"
                      />,
                      "href": "mailto:gombkoto@bibicvendeghazak.hu",
                    },
                    "ref": null,
                    "rendered": Object {
                      "instance": null,
                      "key": undefined,
                      "nodeType": "host",
                      "props": Object {
                        "alt": "Gombkötő Gábor",
                        "className": "profile-img",
                        "src": "gombkoto.jpg",
                      },
                      "ref": null,
                      "rendered": null,
                      "type": "img",
                    },
                    "type": "a",
                  },
                  Object {
                    "instance": null,
                    "key": undefined,
                    "nodeType": "host",
                    "props": Object {
                      "children": Array [
                        <h3>
                          Gombkötő Gábor
                        </h3>,
                        <h5>
                          <a
                            href="mailto:gombkoto@bibicvendeghazak.hu"
                          >
                            ✉ 
                            gombkoto@bibicvendeghazak.hu
                             
                          </a>
                        </h5>,
                        <h4>
                          Tulajdonos
                        </h4>,
                      ],
                    },
                    "ref": null,
                    "rendered": Array [
                      Object {
                        "instance": null,
                        "key": undefined,
                        "nodeType": "host",
                        "props": Object {
                          "children": "Gombkötő Gábor",
                        },
                        "ref": null,
                        "rendered": "Gombkötő Gábor",
                        "type": "h3",
                      },
                      Object {
                        "instance": null,
                        "key": undefined,
                        "nodeType": "host",
                        "props": Object {
                          "children": <a
                            href="mailto:gombkoto@bibicvendeghazak.hu"
                          >
                            ✉ 
                            gombkoto@bibicvendeghazak.hu
                             
                          </a>,
                        },
                        "ref": null,
                        "rendered": Object {
                          "instance": null,
                          "key": undefined,
                          "nodeType": "host",
                          "props": Object {
                            "children": Array [
                              "✉ ",
                              "gombkoto@bibicvendeghazak.hu",
                              " ",
                            ],
                            "href": "mailto:gombkoto@bibicvendeghazak.hu",
                          },
                          "ref": null,
                          "rendered": Array [
                            "✉ ",
                            "gombkoto@bibicvendeghazak.hu",
                            " ",
                          ],
                          "type": "a",
                        },
                        "type": "h5",
                      },
                      Object {
                        "instance": null,
                        "key": undefined,
                        "nodeType": "host",
                        "props": Object {
                          "children": "Tulajdonos",
                        },
                        "ref": null,
                        "rendered": "Tulajdonos",
                        "type": "h4",
                      },
                    ],
                    "type": "div",
                  },
                ],
                "type": "li",
              },
              "type": [Function],
            },
          ],
          "type": "ul",
        },
        Object {
          "instance": null,
          "key": undefined,
          "nodeType": "host",
          "props": Object {
            "children": <UNDEFINED
              fallback={<Loading />}
            >
              <UNDEFINED
                path="bemutatkozas"
              />
            </UNDEFINED>,
            "className": "history",
          },
          "ref": null,
          "rendered": Object {
            "instance": null,
            "key": undefined,
            "nodeType": "function",
            "props": Object {
              "children": <UNDEFINED
                path="bemutatkozas"
              />,
              "fallback": <Loading />,
            },
            "ref": null,
            "rendered": Object {
              "instance": null,
              "key": undefined,
              "nodeType": "function",
              "props": Object {
                "path": "bemutatkozas",
              },
              "ref": null,
              "rendered": null,
              "type": Object {
                "$$typeof": Symbol(react.lazy),
                "_ctor": [Function],
                "_result": null,
                "_status": -1,
              },
            },
            "type": Symbol(react.suspense),
          },
          "type": "div",
        },
      ],
      "type": "section",
    },
  ],
  Symbol(enzyme.__options__): Object {
    "adapter": ReactSixteenAdapter {
      "options": Object {
        "enableComponentDidUpdateOnSetState": true,
        "lifecycles": Object {
          "componentDidUpdate": Object {
            "onSetState": true,
          },
          "getDerivedStateFromProps": true,
          "getSnapshotBeforeUpdate": true,
          "setState": Object {
            "skipsComponentDidUpdateOnNullish": true,
          },
        },
      },
    },
  },
}
`;
